---
source: crates/noseyparker-cli/tests/scan/basic/mod.rs
expression: status
---
exit status: 0
