---
source: crates/noseyparker-cli/tests/scan/github/mod.rs
expression: stdout
---

