---
source: crates/noseyparker-cli/tests/report/mod.rs
expression: stdout
---

