---
source: crates/noseyparker-cli/tests/report/mod.rs
expression: status
---
exit status: 2
