---
source: crates/noseyparker-cli/tests/scan/appmaker/mod.rs
expression: stderr
---

