---
source: crates/noseyparker-cli/tests/help/mod.rs
expression: stderr
---

