---
source: crates/noseyparker-cli/tests/help/mod.rs
expression: stdout
---
Report detailed scan findings

Usage: noseyparker report [OPTIONS]

Options:
  -d, --datastore <PATH>  Use the specified datastore [env: NP_DATASTORE=] [default: datastore.np]
  -h, --help              Print help (see more with '--help')

Filtering Options:
      --max-matches <N>          Limit the number of matches per finding to at most N [default: 3]
      --min-score <SCORE>        Only report findings that have a mean score of at least N [default:
                                 0.05]
      --finding-status <STATUS>  Include only findings with the assigned status [possible values:
                                 accept, reject, mixed, null]

Output Options:
  -o, --output <PATH>    Write output to the specified path
  -f, --format <FORMAT>  Write output in the specified format [default: human] [possible values:
                         human, json, jsonl, sarif]

Global Options:
  -v, --verbose...       Enable verbose output
  -q, --quiet            Suppress non-error feedback messages
      --color <MODE>     Enable or disable colored output [default: auto] [possible values: auto,
                         never, always]
      --progress <MODE>  Enable or disable progress bars [default: auto] [possible values: auto,
                         never, always]
      --ignore-certs     Ignore validation of TLS certificates
