---
source: crates/noseyparker-cli/tests/github/mod.rs
expression: status
---
exit status: 2
