---
source: crates/noseyparker-cli/tests/github/mod.rs
expression: stdout
---

