---
source: crates/noseyparker-cli/tests/rules/mod.rs
expression: status
---
exit status: 0
