---
source: tests/cli.rs
expression: stderr
---
Error: No repositories specified

