---
source: tests/cli.rs
expression: status
---
exit status: 2
