---
source: tests/github.rs
expression: status
---
exit status: 2
