---
source: tests/help.rs
expression: status
---
exit status: 0
