---
source: tests/scan_workflow.rs
expression: stderr
---

