---
source: tests/test_noseyparker_github.rs
expression: stderr
---
Error: No repositories specified

