---
source: tests/test_noseyparker_scan.rs
expression: stderr
---

