---
source: tests/test_noseyparker_scan.rs
expression: stderr
---
error: invalid value 'nothere.git' for '--git-url <URL>': only https URLs without credentials, query parameters, or fragment identifiers are supported

For more information, try '--help'.

