---
source: crates/noseyparker-cli/tests/datastore/mod.rs
expression: status
---
exit status: 0
